# layers = 
3,5,3
# layer: 1
-3.091539524598713,7.979188672185588,-5.852534173191275,-9.028086714482365,7.050691783297064,5.906383873254391,1.57671525162008,-5.823513892123893,9.815298405933042,-2.361241547127797,5.474303932155363,5.882264384448866,-1.241326573170615,0.6555578160830297,-6.413605087268677
# layer: 2
15.71613268350538,-18.14806237868494,6.181142377806252,-0.5624318495207431,-9.861250569975047,-14.00853426715626,-1.380072017489748,-12.31765558122434,16.34056315936232,3.363952623679112,3.907494188186541,-5.207760022813596,-2.070266174151989,-2.817952779494975,11.99188789599107
